Modules list:
-------------
main.o:
    CODE              Offs=000000  Size=00003C  Align=00001  Fill=0000
    DATA              Offs=000000  Size=000004  Align=00001  Fill=0000
/nix/store/gs8jnmmymj7vzm9855adkfr1hzwfxdi9-cc65-2.19/share/cc65/lib/c64.lib(callmain.o):
    CODE              Offs=00003C  Size=000017  Align=00001  Fill=0000
    DATA              Offs=000004  Size=000004  Align=00001  Fill=0000
/nix/store/gs8jnmmymj7vzm9855adkfr1hzwfxdi9-cc65-2.19/share/cc65/lib/c64.lib(condes.o):
    CODE              Offs=000053  Size=00000C  Align=00001  Fill=0000
    DATA              Offs=000008  Size=000025  Align=00001  Fill=0000
    ONCE              Offs=000000  Size=00000C  Align=00001  Fill=0000
/nix/store/gs8jnmmymj7vzm9855adkfr1hzwfxdi9-cc65-2.19/share/cc65/lib/c64.lib(crt0.o):
    STARTUP           Offs=000000  Size=000033  Align=00001  Fill=0000
    ONCE              Offs=00000C  Size=00001A  Align=00001  Fill=0000
    INIT              Offs=000000  Size=00001C  Align=00001  Fill=0000
/nix/store/gs8jnmmymj7vzm9855adkfr1hzwfxdi9-cc65-2.19/share/cc65/lib/c64.lib(exehdr.o):
    EXEHDR            Offs=000000  Size=00000C  Align=00001  Fill=0000
/nix/store/gs8jnmmymj7vzm9855adkfr1hzwfxdi9-cc65-2.19/share/cc65/lib/c64.lib(incax1.o):
    CODE              Offs=00005F  Size=000007  Align=00001  Fill=0000
/nix/store/gs8jnmmymj7vzm9855adkfr1hzwfxdi9-cc65-2.19/share/cc65/lib/c64.lib(kernal.o):
/nix/store/gs8jnmmymj7vzm9855adkfr1hzwfxdi9-cc65-2.19/share/cc65/lib/c64.lib(loadaddr.o):
    LOADADDR          Offs=000000  Size=000002  Align=00001  Fill=0000
/nix/store/gs8jnmmymj7vzm9855adkfr1hzwfxdi9-cc65-2.19/share/cc65/lib/c64.lib(pushax.o):
    CODE              Offs=000066  Size=00001A  Align=00001  Fill=0000
/nix/store/gs8jnmmymj7vzm9855adkfr1hzwfxdi9-cc65-2.19/share/cc65/lib/c64.lib(status.o):
/nix/store/gs8jnmmymj7vzm9855adkfr1hzwfxdi9-cc65-2.19/share/cc65/lib/c64.lib(zerobss.o):
    CODE              Offs=000080  Size=000023  Align=00001  Fill=0000
/nix/store/gs8jnmmymj7vzm9855adkfr1hzwfxdi9-cc65-2.19/share/cc65/lib/c64.lib(zeropage.o):
    ZEROPAGE          Offs=000000  Size=00001A  Align=00001  Fill=0000


Segment list:
-------------
Name                   Start     End    Size  Align
----------------------------------------------------
ZEROPAGE              000002  00001B  00001A  00001
LOADADDR              0007FF  000800  000002  00001
EXEHDR                000801  00080C  00000C  00001
STARTUP               00080D  00083F  000033  00001
CODE                  000840  0008E2  0000A3  00001
DATA                  0008E3  00090F  00002D  00001
INIT                  000910  00092B  00001C  00001
ONCE                  00092C  000951  000026  00001


Exports list by name:
---------------------
BSOUT                     00FFD2 RLA    ST                        000090 RLZ    
__BSS_RUN__               00092C RLA    __BSS_SIZE__              000000 REA    
__CONSTRUCTOR_COUNT__     000000 REA    __CONSTRUCTOR_TABLE__     000952 RLA    
__DESTRUCTOR_COUNT__      000000 REA    __DESTRUCTOR_TABLE__      0008E3 RLA    
__EXEHDR__                000001 REA    __HEADER_LAST__           00080D RLA    
__HIMEM__                 00D000 REA    __LOADADDR__              000001 REA    
__MAIN_SIZE__             00C7F3 REA    __MAIN_START__            00080D RLA    
__ONCE_RUN__              00092C RLA    __STACKSIZE__             000800 REA    
__STARTUP__               000001 REA    _main                     000840 RLA    
callmain                  00087C RLA    donelib                   000893 RLA    
incax1                    00089F RLA    initlib                   00092C RLA    
ptr1                      00000A RLZ    pushax                    0008AA RLA    
regsave                   000006 RLZ    sp                        000002 RLZ    
zerobss                   0008C0 RLA    


Exports list by value:
----------------------
__BSS_SIZE__              000000 REA    __CONSTRUCTOR_COUNT__     000000 REA    
__DESTRUCTOR_COUNT__      000000 REA    __EXEHDR__                000001 REA    
__LOADADDR__              000001 REA    __STARTUP__               000001 REA    
sp                        000002 RLZ    regsave                   000006 RLZ    
ptr1                      00000A RLZ    ST                        000090 RLZ    
__STACKSIZE__             000800 REA    __HEADER_LAST__           00080D RLA    
__MAIN_START__            00080D RLA    _main                     000840 RLA    
callmain                  00087C RLA    donelib                   000893 RLA    
incax1                    00089F RLA    pushax                    0008AA RLA    
zerobss                   0008C0 RLA    __DESTRUCTOR_TABLE__      0008E3 RLA    
__BSS_RUN__               00092C RLA    __ONCE_RUN__              00092C RLA    
initlib                   00092C RLA    __CONSTRUCTOR_TABLE__     000952 RLA    
__MAIN_SIZE__             00C7F3 REA    __HIMEM__                 00D000 REA    
BSOUT                     00FFD2 RLA    


Imports list:
-------------
BSOUT (kernal.o):
    crt0.o                    c64/crt0.s(10)
ST (status.o):
    crt0.o                    c64/crt0.s(13)
__BSS_RUN__ ([linker generated]):
    zerobss.o                 common/zerobss.s(8)
__BSS_SIZE__ ([linker generated]):
    zerobss.o                 common/zerobss.s(8)
__CONSTRUCTOR_COUNT__ ([linker generated]):
    condes.o                  runtime/condes.s(18)
__CONSTRUCTOR_TABLE__ ([linker generated]):
    condes.o                  runtime/condes.s(18)
__DESTRUCTOR_COUNT__ ([linker generated]):
    condes.o                  runtime/condes.s(19)
__DESTRUCTOR_TABLE__ ([linker generated]):
    condes.o                  runtime/condes.s(19)
__EXEHDR__ (exehdr.o):
    [linker generated]        /nix/store/gs8jnmmymj7vzm9855adkfr1hzwfxdi9-cc65-2.19/share/cc65/cfg/c64.cfg(6)
__HEADER_LAST__ ([linker generated]):
    [linker generated]        /nix/store/gs8jnmmymj7vzm9855adkfr1hzwfxdi9-cc65-2.19/share/cc65/cfg/c64.cfg(14)
    [linker generated]        /nix/store/gs8jnmmymj7vzm9855adkfr1hzwfxdi9-cc65-2.19/share/cc65/cfg/c64.cfg(14)
__HIMEM__ ([linker generated]):
    [linker generated]        /nix/store/gs8jnmmymj7vzm9855adkfr1hzwfxdi9-cc65-2.19/share/cc65/cfg/c64.cfg(15)
    [linker generated]        /nix/store/gs8jnmmymj7vzm9855adkfr1hzwfxdi9-cc65-2.19/share/cc65/cfg/c64.cfg(14)
__LOADADDR__ (loadaddr.o):
    [linker generated]        /nix/store/gs8jnmmymj7vzm9855adkfr1hzwfxdi9-cc65-2.19/share/cc65/cfg/c64.cfg(5)
__MAIN_SIZE__ ([linker generated]):
    crt0.o                    c64/crt0.s(11)
__MAIN_START__ ([linker generated]):
    crt0.o                    c64/crt0.s(11)
__ONCE_RUN__ ([linker generated]):
    [linker generated]        /nix/store/gs8jnmmymj7vzm9855adkfr1hzwfxdi9-cc65-2.19/share/cc65/cfg/c64.cfg(15)
    [linker generated]        /nix/store/gs8jnmmymj7vzm9855adkfr1hzwfxdi9-cc65-2.19/share/cc65/cfg/c64.cfg(15)
__STACKSIZE__ ([linker generated]):
    [linker generated]        /nix/store/gs8jnmmymj7vzm9855adkfr1hzwfxdi9-cc65-2.19/share/cc65/cfg/c64.cfg(15)
__STARTUP__ (crt0.o):
    main.o                    main.s(13)
_main (main.o):
    callmain.o                runtime/callmain.s(11)
callmain (callmain.o):
    crt0.o                    c64/crt0.s(9)
donelib (condes.o):
    crt0.o                    c64/crt0.s(8)
incax1 (incax1.o):
    main.o                    main.s(59)
initlib (condes.o):
    crt0.o                    c64/crt0.s(8)
ptr1 (zeropage.o):
    zerobss.o                 common/zerobss.s(9)
pushax (pushax.o):
    callmain.o                runtime/callmain.s(11)
regsave (zeropage.o):
    main.o                    main.s(10)
sp (zeropage.o):
    pushax.o                  runtime/pushax.s(8)
    crt0.o                    /build/source/asminc/zeropage.inc(11)
zerobss (zerobss.o):
    crt0.o                    c64/crt0.s(9)

